python : [2026-05-16 22:01:53] [INFO] Loaded config from: configs/spy_daily.yaml
所在位置 行:1 字符: 5
+ & { python scripts/run_all.py --config configs/spy_daily.yaml 2>&1 |  ...
+     ~~~~~~~~~~~~~~~~~~~~~~~~~~~~~~~~~~~~~~~~~~~~~~~~~~~~~~~~~~~~~~
    + CategoryInfo          : NotSpecified: ([2026-05-16 22:.../spy_daily.yaml:String) [], RemoteException
    + FullyQualifiedErrorId : NativeCommandError
 
[2026-05-16 22:01:53] [INFO] Using device: cpu
[2026-05-16 22:01:53] [ERROR] Kaggle path not found: /kaggle/input/sp500-nasdaq-spy-qqq-ohlcv-data

============================================================
Step 1: Load market data from CSV
============================================================
[2026-05-16 22:01:53] [ERROR] Local path not found: data/raw/SPY_1d.csv
Traceback (most recent call last):
  File "D:\desktop\gadf_stock_xai\scripts\run_all.py", line 64, in <module>
    main(args.config)
  File "D:\desktop\gadf_stock_xai\scripts\run_all.py", line 26, in main
    df_raw = load_data_from_csv(config)
             ^^^^^^^^^^^^^^^^^^^^^^^^^^
  File "D:\desktop\gadf_stock_xai\src\data_downloader.py", line 149, in load_data_from_csv
    raise FileNotFoundError(
FileNotFoundError: Data file not found. Please ensure either:
  1. Kaggle dataset is added at: /kaggle/input/sp500-nasdaq-spy-qqq-ohlcv-data
  2. Local CSV file exists at: data/raw/SPY_1d.csv
